20180602-Collaroy Beach Club
April Sun In Cuba - Dragon
Brass In Pocket
Passionfruit
Faith
Proud Mary
All About That Bass
exs and ohs
Is This Love
never tear us apart - inxs
Valerie
Mercy
Cry In Shame - Diesel
Wonderwall
I Got A Feeling
are you gonna go my way
Hey Joe - Jimi Hendrix
Pleasure and Pain
Summer of '69
Boys In Town
Feeler - PETE MURRAY
Come Together
Babe I'm Gonna Leave You Pink Version
Love Rears Its Ugly Head
Always On The Run - Lenny Kravitz
Mr Brightside
Hit Me With Your Best Shot
Sympathy and Entertain You
Uptown Funk - Bruno Mars
Am I Ever Gonna See Your Face Again - Angels
The Chain - Fleetwood Mac
Another Brick In The Wall - Pink Floyd
Groove Is In The Heart
Play That Funky Music
Lonely Boy
My Hero
Sex on fire - Kings Of Leon
blister in the sun
Ive Got You On My Mind - Powderfinger
Higher Ground
Superstition - Stevie Ray Vaughan
Nutbush
Long Train Runnin
Smoke On the Water - Deep Purple
Seven Nation Army
Whole Lotta Love
Rebel Yell
Rush You
Killing In The Name Of
One
Mustang Sally
Enter The Sandman
Sweet Home Alabama - Lynyrd Skynrd
Sympathy For The Devil - Rolling Stones
Hold The Line - Toto
Are You Gonna Be My Girl - Jet
Should I Stay Or Should I Go Now - The Clash
