20181115 - Bruce 50th
April Sun In Cuba - Dragon
Brass In Pocket
Passionfruit
Faith
All About That Bass
exs and ohs
Is This Love
never tear us apart - inxs
Valerie
Mercy
Wonderwall
The Chain - Fleetwood Mac
I Got A Feeling
Long Train Runnin
are you gonna go my way
Suspicious minds - Elvis Presley
Purple Haze - Jimi Hendrix
Light My Fire [Am]
Summer of '69
Proud Mary
Come Together
Babe I'm Gonna Leave You Pink Version
Superstition - Stevie Ray Vaughan
Ain't Nobody
Love Rears Its Ugly Head
Always On The Run - Lenny Kravitz
Mr Brightside
Hit Me With Your Best Shot
Let Me Entertain You
Uptown Funk - Bruno Mars
Another Brick In The Wall - Pink Floyd
Groove Is In The Heart
Play That Funky Music
My Hero
Higher Ground
Lonely Boy
Nutbush
Sex on fire - Kings Of Leon
blister in the sun
Ive Got You On My Mind - Powderfinger
Boys In Town
Smoke On the Water - Deep Purple
Seven Nation Army
Whole Lotta Love
Rebel Yell
Rush You
am i ever gonna see your face again
Killing In The Name Of
One
Mustang Sally
Enter The Sandman
Sweet Home Alabama - Lynyrd Skyn7rd
Sympathy For The Devil - Rolling Stones
