20200919 First Kerry Rehearsal
Big Jet Plane
Muskrat Love - Willis Alan Ramsey/Captain & Tennille
Fall At Your Feet - Crowded House
Wish You Were Here - by Pink Floyd
Only The Lonely - The Motels
Under The Milky Way - Church
Landslide - Fleetwood Mac
The Horses - Daryl Braithwaite
White Wedding - Billy Idol
Angie - The Rolling Stones
Chasing Cars - Snow Patrol
One - U2
Echo Beach - Martha And The Muffins
Jump - Van Halen
Superstition
Mustang Sally
never tear us apart - inxs
Am I Ever Gonna See Your Face Again - Angels
Rebel Yell - Billy idol
Better Be Home Soon - Crowded House
Come Together - Beatles
BOW RIVER - Cold Chisel
Stuck in the middle with you
Bring Me Some Water - Melissa Etheridge
Rhiannon - Fleetwood Mac
Nothing Else Matters - Metallica
Babe I'm Gonna Leave You Pink-Mojo Version - Led Zepplin
Killing In The Name Of
Better
Whole Lotta Love - Led Zepplin
Whip It - Devo
Zombie - The Cranberries
Hey Joe - Jimi Hendrix
Black Magic Woman
Suspicious minds - Elvis Presley
Sweet Child Of Mine - Guns n Roses
Shook Me All Night Long - AC/DC
Smoke On the Water - Deep Purple
My Hero - Foo Fighters
