2021-06-05 Calabria Club
----------SOUND CHECK----------
Proud Mary - Creedence Clearwater Revival
Love Rears Its Ugly Head - Living Colour
Faith - George Michael
Another Brick In The Wall - Pink Floyd
Blister In The Sun
April Sun In Cuba - Dragon
Come Together - Beatles
----------FIRST SET----------
Dreams - Fleetwood Mac
Yellow - Coldplay
are you gonna go my way
Ive Got You On My Mind - Powderfinger
never tear us apart - inxs
Passionfruit - Drake
The Chain - Fleetwood Mac
Bring Me Some Water - Melissa Etheridge
Chasing Cars - Snow Patrol
Wanted Dead Or Alive
Valerie
Groove Is In The Heart - Deee-Lite
Long Train Running - Doobie Brothers
Smoke On the Water - Deep Purple
----------SECOND SET----------
Mercy - Duffy
Seven Nation Army
Dont Start Now - Dua Lipa
Watermelon Sugar - Harry Stiles
Sex on Fire - Kings Of Leon
Always On The Run - Lenny Kravitz
One - U2
Superstition
Lady - Modjo
Love Shack - The B-52's
Nutbush
Enter The Sandman - Metallica
Boys In Town
Rebel Yell - Billy idol
Killing In The Name Of
----------ENCORE SET----------
Am I Ever Gonna See Your Face Again - Angels
Smells Like Teen Spirit - Nirvana
Whole Lotta Love - Led Zepplin
My Hero - Foo Fighters
Rush You
Higher Ground
----------PARKED SONGS----------
Movin On Up - Primal Scream
Pleasure and Pain
Summer of '69 - Bryan Adams
Lonely Boy
500 Miles - The Proclaimers
Cry In Shame - Diesel
Hard to Handle
Hit Me With Your Best Shot
Sympathy and Entertain You - Rolling Stones & Robbie Williams
Hush
I Got A Feeling - Black-Eyed Peas
Rhiannon - Fleetwood Mac
Uptown Funk - Bruno Mars
White Wedding - Billy Idol
Brass In Pocket - The Pretenders
Mr Brightside - The Killers
Play That Funky Music - Wild Cherry
Echo Beach - Martha And The Muffins
