22-11-21 Acoustic Set With Mon Cafe Tilt Forrestvile
aint no sunshine
Lets Stay Together
Anyhow
More Than Words
Sunshine Of My Life
Crazy - Gnarls Barkley
Bring It Back
you cant always get what you want
20 Good Reasons
What A Man
Feel Like Making Love - Roberta Flack
Better Be Home Soon
Yellow
Patience
Somewhere Over The Rainbow
You Dont Treat Me No Good
Passionfruit
True Colors
Wanted Dead Or Alive
Plush
No Diggity
Waterfalls
Free Fallin
Gravity
Something
Girl On Fire
Iris
Cant Feel My Face - The Weeknd
Big Jet Plane
Murder On The Dancefloor
crazy
Feel Like Making Love
Wanna Dance With Somebody
Chasing Cars
Take A Picture
Bright Lights
Wonderwall
Everlong
Fans
Watermelon Sugar - Harry Stiles
Dreams - Fleetwood Mac
Dont Start Now - Dua Lipa
Dont Start Now - Dua Lipa
Sweet Home Alabama - Lynyrd Skyn7rd
Bring Me Some Water - Melissa Etheridge
Burn for You - John Farnham
Valerie
creep - Radiohead
High And Dry - Radiohead
Crazy - Gnarls Barkley
April Sun In Cuba - Dragon
Come Together - Beatles
Africa - Toto
Fast Car - Tracy Chapman
Passionfruit - Drake
Superstition
Faith - George Michael
Ive Got You On My Mind - Powderfinger
Another Brick In The Wall - Pink Floyd
Seven Nation Army
Always On The Run - Lenny Kravitz
Love Rears Its Ugly Head - Living Colour
Summer of '69 - Bryan Adams
Cry In Shame - Diesel
