Bucketty's 12-11-21 Actual run order
----------SOUND CHECK----------
April Sun In Cuba - Dragon
----------FIRST SET----------
Dreams - Fleetwood Mac
Yellow - Coldplay
Faith - George Michael
Chasing Cars - Snow Patrol
Cant Feel My Face - The Weeknd
Valerie
Passionfruit - Drake
never tear us apart - inxs
are you gonna go my way
Ive Got You On My Mind - Powderfinger
Bring Me Some Water - Melissa Etheridge
Long Train Running - Doobie Brothers
Another Brick In The Wall - Pink Floyd
Gold Dust Woman - Fleetwood Mac
The Chain - Fleetwood Mac
----------SECOND SET----------
Mercy - Duffy
Seven Nation Army
Dont Start Now - Dua Lipa
Watermelon Sugar - Harry Stiles
One - U2
Wonderwall
Sex on Fire - Kings Of Leon
Always On The Run - Lenny Kravitz
Superstition
Lady - Modjo
Love Shack - The B-52's
Groove Is In The Heart - Deee-Lite
Smoke On the Water - Deep Purple
Nutbush
Mr Brightside - The Killers
Slither - Velvet Revolver
Rebel Yell - Billy idol
Blister In The Sun
Killing In The Name Of
Whole Lotta Love - Led Zepplin
----------THIRD SET----------
Summer of '69 - Bryan Adams
Boys In Town
Come Together - Beatles
Rhiannon - Fleetwood Mac
Is This Love - Bob Marley
Brass In Pocket - The Pretenders
Love Rears Its Ugly Head - Living Colour
I Got A Feeling - Black-Eyed Peas
Proud Mary - Creedence Clearwater Revival
Pleasure and Pain
Smells Like Teen Spirit - Nirvana
My Hero - Foo Fighters
Rush You
Higher Ground
Enter The Sandman - Metallica
----------ENCORE SET----------
Am I Ever Gonna See Your Face Again - Angels
----------PARKED SONGS----------
Lonely Boy
Wanted Dead Or Alive
Sympathy and Entertain You - Rolling Stones & Robbie Williams
Cry In Shame - Diesel
Hard to Handle
Hit Me With Your Best Shot
Uptown Funk - Bruno Mars
Play That Funky Music - Wild Cherry
