Hummin' Away Bean Drinking
----------ORIGINAL SONGS----------
Love Will Find A Way
Twisted Addiction - Hummin' Away
Again - Tex
----------Ilona SET----------
Hotel California - The Eagles
The Best - Tina Turner
----------Mon SET----------
Dreams - Fleetwood Mac
Passionfruit - Drake
Watermelon Sugar - Harry Stiles
----------NEW SONGS----------
Maybe Tomorrow - Stereophonics
Come Said The Trooper - Iron Maiden X Mondo Rock
Don't Change - INXS
Wicked Game - Chris Isaak
Mad World - Gary Jules & Michael Andrews
Behind Blue Eyes - The Who
Bring Me To Life - Evenescence
Running Up That Hill - Kate Bush
----------SOUND CHECK----------
Praise You - Fatboy Slim
----------FIRST SET----------
Big Jet Plane
Fall At Your Feet - Crowded House
Wish You Were Here - by Pink Floyd
Under The Milky Way - Church
Landslide - Fleetwood Mac
Jump - Van Halen
White Wedding - Billy Idol
Stuck in the middle with you
Angie - The Rolling Stones
Chasing Cars - Snow Patrol
Black Magic Woman
AIN'T NO SUNSHINE
----------SECOND SET----------
Only The Lonely - The Motels
One - U2
Year of the Cat - Al Stevens
The Horses - Daryl Braithwaite
Rhiannon - Fleetwood Mac
Better Be Home Soon - Crowded House
Tainted Love - Soft Cell
Echo Beach - Martha And The Muffins
Rebel Yell - Billy idol
never tear us apart - inxs
Gold Dust Woman - Fleetwood Mac
Slither - Velvet Revolver
----------ENCORE SET----------
April Sun In Cuba - Dragon
Sex on fire - Kings Of Leon
Am I Ever Gonna See Your Face Again - Angels
Nothing Else Matters - Metallica
House of the Rising Sun - The Animals
Muskrat Love - Willis Alan Ramsey/Captain & Tennille
Killing In The Name Of
Light My Fire - Doors
Seven Nation Army
----------PARKED SONGS----------
Both Sides Now - Joni Mitchell
The Look of Love - Dusty Springfield
Black Hole Sun - Soundgarden
If You Could Only See - Tonic
Under The Bridge - Red Hot Chili Peppers
Margaritaville - Jimmy Buffet
True Colors - Cyndi Lauper
The Trooper - Iron Maiden
Life In A Northern Town - Dream Academy
Go Your Own Way - Fleetwood Mac
creep - Radiohead
Bring Me Some Water - Melissa Etheridge
Sweet Child Of Mine - Guns n Roses
Come Together - Beatles
Feeler - PETE MURRAY
The Day that Never Comes - Metallica
Babe I'm Gonna Leave You Pink Version - Led Zepplin
Ufo - Sneaky Sound System
Valerie
Faith - George Michael
Superstition
Yellow - Coldplay
Lonely Boy
Legs - ZZTop
Hey Joe - Jimi Hendrix
Whole Lotta Love - Led Zepplin
Ventura Highway - America
Ironic - Alanis Morrisette
Whip It - Devo
Zombie - The Cranberries
Shook Me All Night Long - AC/DC
My Hero - Foo Fighters
Melt With You
Is This Love - Bob Marley
Sympathy and Entertain You - Rolling Stones & Robbie Williams
Gravity - John Mayer
